// Bun Snapshot v1, https://bun.sh/docs/test/snapshots

exports[`snap: Patient__person — gender + race + ethnicity + birthsex 1`] = `
[
  [
    "pat-1",
    "female",
    "F",
    "1980-03-14",
    null,
    null,
    "2106-3",
    "White",
    null,
    null,
    "2186-5",
    "Not Hispanic or Latino",
    null,
    null,
    null,
    "Boston",
    "MA",
    "02118",
    null,
    "US",
    null,
    null,
  ],
]
`;
